~/workspace$ case 'insuranceStats':
  result = getInsuranceStats();
  break;
bash: syntax error near unexpected token `result'
bash: break: only meaningful in a `for', `while', or `until' loop
~/workspace$ git push
Enumerating objects: 6, done.
Counting objects: 100% (6/6), done.
Delta compression using up to 8 threads
Compressing objects: 100% (4/4), done.
Writing objects: 100% (4/4), 593.43 KiB | 23.74 MiB/s, done.
Total 4 (delta 2), reused 0 (delta 0), pack-reused 0 (from 0)
remote: Resolving deltas: 100% (2/2), completed with 2 local objects.
To https://github.com/makkahclinic/makkahclinic
   474ea20..c258fe6  main -> main
~/workspace$ git add . && git commit -m "Complete Insurance Backend" && git push
On branch main
Your branch is ahead of 'origin/main' by 1 commit.
  (use "git push" to publish your local commits)

nothing to commit, working tree clean
~/workspace$ git hub
git: 'hub' is not a git command. See 'git --help'.

The most similar commands are
    help
    hook
    jump
    pull
    push
    show
~/workspace$ git add . && git commit -m "Update scripts" && git push
On branch main
Your branch is ahead of 'origin/main' by 1 commit.
  (use "git push" to publish your local commits)

nothing to commit, working tree clean
~/workspace$ git hub
git: 'hub' is not a git command. See 'git --help'.

The most similar commands are
    help
    hook
    jump
    pull
    push
    show
~/workspace$ git add .
git commit -m "Update frontend files"
git push origin main
On branch main
Your branch is ahead of 'origin/main' by 3 commits.
  (use "git push" to publish your local commits)

nothing to commit, working tree clean
Enumerating objects: 17, done.
Counting objects: 100% (17/17), done.
Delta compression using up to 8 threads
Compressing objects: 100% (12/12), done.
Writing objects: 100% (12/12), 6.49 KiB | 6.49 MiB/s, done.
Total 12 (delta 9), reused 0 (delta 0), pack-reused 0 (from 0)
remote: Resolving deltas: 100% (9/9), completed with 5 local objects.
To https://github.com/makkahclinic/makkahclinic
   c258fe6..309e6c5  main -> main
~/workspace$ git push
Everything up-to-date
~/workspace$ 